../Drivers/BSP/MPU6050/inv_mpu.c:518:12:set_int_enable	40	static
../Drivers/BSP/MPU6050/inv_mpu.c:550:5:mpu_reg_dump	32	static
../Drivers/BSP/MPU6050/inv_mpu.c:572:5:mpu_read_reg	32	static
../Drivers/BSP/MPU6050/inv_mpu.c:594:5:mpu_init	40	static
../Drivers/BSP/MPU6050/inv_mpu.c:685:5:mpu_lp_accel_mode	40	static
../Drivers/BSP/MPU6050/inv_mpu.c:769:5:mpu_get_gyro_reg	40	static
../Drivers/BSP/MPU6050/inv_mpu.c:792:5:mpu_get_accel_reg	40	static
../Drivers/BSP/MPU6050/inv_mpu.c:815:5:mpu_get_temperature	48	static
../Drivers/BSP/MPU6050/inv_mpu.c:841:5:mpu_read_6500_accel_bias	40	static
../Drivers/BSP/MPU6050/inv_mpu.c:863:5:mpu_read_6050_accel_bias	40	static
../Drivers/BSP/MPU6050/inv_mpu.c:877:5:mpu_read_6500_gyro_bias	40	static
../Drivers/BSP/MPU6050/inv_mpu.c:899:5:mpu_set_gyro_bias_reg	48	static
../Drivers/BSP/MPU6050/inv_mpu.c:929:5:mpu_set_accel_bias_6050_reg	56	static
../Drivers/BSP/MPU6050/inv_mpu.c:967:5:mpu_set_accel_bias_6500_reg	56	static
../Drivers/BSP/MPU6050/inv_mpu.c:1001:5:mpu_reset_fifo	32	static
../Drivers/BSP/MPU6050/inv_mpu.c:1063:5:mpu_get_gyro_fsr	16	static
../Drivers/BSP/MPU6050/inv_mpu.c:1090:5:mpu_set_gyro_fsr	40	static
../Drivers/BSP/MPU6050/inv_mpu.c:1127:5:mpu_get_accel_fsr	16	static
../Drivers/BSP/MPU6050/inv_mpu.c:1155:5:mpu_set_accel_fsr	40	static
../Drivers/BSP/MPU6050/inv_mpu.c:1192:5:mpu_get_lpf	16	static
../Drivers/BSP/MPU6050/inv_mpu.c:1228:5:mpu_set_lpf	40	static
../Drivers/BSP/MPU6050/inv_mpu.c:1261:5:mpu_get_sample_rate	16	static
../Drivers/BSP/MPU6050/inv_mpu.c:1276:5:mpu_set_sample_rate	40	static
../Drivers/BSP/MPU6050/inv_mpu.c:1323:5:mpu_get_compass_sample_rate	16	static
../Drivers/BSP/MPU6050/inv_mpu.c:1345:5:mpu_set_compass_sample_rate	16	static
../Drivers/BSP/MPU6050/inv_mpu.c:1367:5:mpu_get_gyro_sens	16	static
../Drivers/BSP/MPU6050/inv_mpu.c:1393:5:mpu_get_accel_sens	16	static
../Drivers/BSP/MPU6050/inv_mpu.c:1425:5:mpu_get_fifo_config	16	static
../Drivers/BSP/MPU6050/inv_mpu.c:1440:5:mpu_configure_fifo	24	static
../Drivers/BSP/MPU6050/inv_mpu.c:1482:5:mpu_get_power_state	16	static
../Drivers/BSP/MPU6050/inv_mpu.c:1501:5:mpu_set_sensors	40	static
../Drivers/BSP/MPU6050/inv_mpu.c:1578:5:mpu_get_int_status	40	static
../Drivers/BSP/MPU6050/inv_mpu.c:1607:5:mpu_read_fifo	64	static
../Drivers/BSP/MPU6050/inv_mpu.c:1688:5:mpu_read_fifo_stream	48	static
../Drivers/BSP/MPU6050/inv_mpu.c:1726:5:mpu_set_bypass	40	static
../Drivers/BSP/MPU6050/inv_mpu.c:1776:5:mpu_set_int_level	16	static
../Drivers/BSP/MPU6050/inv_mpu.c:1788:5:mpu_set_int_latched	40	static
../Drivers/BSP/MPU6050/inv_mpu.c:1809:12:get_accel_prod_shift	56	static
../Drivers/BSP/MPU6050/inv_mpu.c:1834:12:accel_self_test	48	static
../Drivers/BSP/MPU6050/inv_mpu.c:1854:12:gyro_self_test	56	static
../Drivers/BSP/MPU6050/inv_mpu.c:1949:12:get_st_biases	272	static
../Drivers/BSP/MPU6050/inv_mpu.c:2552:5:mpu_run_self_test	64	static
../Drivers/BSP/MPU6050/inv_mpu.c:2656:5:mpu_write_mem	40	static
../Drivers/BSP/MPU6050/inv_mpu.c:2689:5:mpu_read_mem	40	static
../Drivers/BSP/MPU6050/inv_mpu.c:2721:5:mpu_load_firmware	64	static
../Drivers/BSP/MPU6050/inv_mpu.c:2762:5:mpu_set_dmp_state	40	static
../Drivers/BSP/MPU6050/inv_mpu.c:2801:5:mpu_get_dmp_state	16	static
../Drivers/BSP/MPU6050/inv_mpu.c:2917:5:mpu_get_compass_reg	16	static
../Drivers/BSP/MPU6050/inv_mpu.c:2970:5:mpu_get_compass_fsr	16	static
../Drivers/BSP/MPU6050/inv_mpu.c:3018:5:mpu_lp_motion_interrupt	24	static
