../Drivers/BSP/MPU6050/mpu6050.c:24:6:MPU6050_WriteReg	32	static
../Drivers/BSP/MPU6050/mpu6050.c:35:9:MPU6050_ReadReg	32	static
../Drivers/BSP/MPU6050/mpu6050.c:55:6:MPU6050_Init	8	static
../Drivers/BSP/MPU6050/mpu6050.c:71:6:MPU6050_UpdateData	32	static
../Drivers/BSP/MPU6050/mpu6050.c:104:6:MPU6050_ZeroOffsetCalibrated	32	static
../Drivers/BSP/MPU6050/mpu6050.c:129:6:MPU6050_GetEularAngle	48	static
../Drivers/BSP/MPU6050/mpu6050.c:172:7:MPU6050_GetAx	4	static
../Drivers/BSP/MPU6050/mpu6050.c:182:7:MPU6050_GetAy	4	static
../Drivers/BSP/MPU6050/mpu6050.c:192:7:MPU6050_GetAz	4	static
../Drivers/BSP/MPU6050/mpu6050.c:202:7:MPU6050_GetGx	4	static
../Drivers/BSP/MPU6050/mpu6050.c:212:7:MPU6050_GetGy	4	static
../Drivers/BSP/MPU6050/mpu6050.c:222:7:MPU6050_GetGz	4	static
../Drivers/BSP/MPU6050/mpu6050.c:233:7:MPU6050_GetYaw	4	static
../Drivers/BSP/MPU6050/mpu6050.c:243:7:MPU6050_GetPitch	4	static
../Drivers/BSP/MPU6050/mpu6050.c:253:7:MPU6050_GetRoll	4	static
